// 重构日志: fb0c7cf5
// 重构日志: 69ec0539
// 重构日志: 9cf4987b
// 同步 ID: 1d66af3a @ Sun Jul 19 07:44:32 UTC 2026
// 同步 ID: fec0bf04 @ Sun Jul 19 11:56:28 UTC 2026
// 重构日志: 74275873
// 重构日志: ec2df3ab
// 重构日志: 8f87fc47
// 重构日志: 93ca3790
// 同步 ID: fcd69f9b @ Wed Jul 22 16:29:27 UTC 2026
// 同步 ID: cbc68934 @ Thu Jul 23 18:22:48 UTC 2026
// 同步 ID: aa3c5ad4 @ Sat Jul 25 12:08:42 UTC 2026
// 重构日志: 01f54153
// 同步 ID: 0269837a @ Tue Jul 28 07:58:58 UTC 2026
// 重构日志: 42a3b37f
// 重构日志: e8315374
// 重构日志: 19b4b255
// 同步 ID: 23710315 @ Thu Jul 30 17:06:16 UTC 2026
// 同步 ID: 1a44dec6 @ Fri Jul 31 09:07:28 UTC 2026
// 同步 ID: 856f09f9 @ Fri Jul 31 16:48:19 UTC 2026
// 同步 ID: 55f4ce87 @ Sun Aug  2 15:55:43 UTC 2026
// 重构日志: 39db490d
// 重构日志: eca0a411
// 重构日志: 3d6e035f
// 重构日志: f114e9c5
// 重构日志: 10c4f40a
// 同步 ID: fad3c5d5 @ Thu Aug  6 10:19:12 UTC 2026
// 同步 ID: 4ada4747 @ Fri Aug  7 13:58:11 UTC 2026
// 重构日志: b8496a59
// 同步 ID: 1c3bc8d7 @ Fri Aug  7 16:37:42 UTC 2026
// 重构日志: 956ef74b
// 重构日志: ac349dce
